[laravel.com/docs/quick.html]
[backblue.gif]
[fade.gif]
[index.html]
[laravel.com/favicon5e1f.png]
[ajax.googleapis.com/ajax/libs/jquery/1.10.2/jquery.min.js]
[google-code-prettify.googlecode.com/svn/loader/run_prettify.js]
[use.edgefonts.net/source-sans-pro_n3,i3,n4,i4,n6,i6,n7,i7.js]
[use.edgefonts.net/source-code-pro.js]
[laravel.com/assets/img/logo-head.png]
[laravel.com/docs/introduction.html]
[laravel.com/docs/installation.html]
[laravel.com/docs/configuration.html]
[laravel.com/docs/lifecycle.html]
[laravel.com/docs/routing.html]
[laravel.com/docs/requests.html]
[laravel.com/docs/responses.html]
[laravel.com/docs/controllers.html]
[laravel.com/docs/errors.html]
[laravel.com/docs/security.html]
[laravel.com/docs/cache.html]
[laravel.com/docs/extending.html]
[laravel.com/docs/events.html]
[laravel.com/docs/facades.html]
[laravel.com/docs/html.html]
[laravel.com/docs/helpers.html]
[laravel.com/docs/ioc.html]
[laravel.com/docs/localization.html]
[laravel.com/docs/mail.html]
[laravel.com/docs/packages.html]
[laravel.com/docs/pagination.html]
[laravel.com/docs/queues.html]
[laravel.com/docs/session.html]
[laravel.com/docs/templates.html]
[laravel.com/docs/testing.html]
[laravel.com/docs/validation.html]
[laravel.com/docs/database.html]
[laravel.com/docs/queries.html]
[laravel.com/docs/eloquent.html]
[laravel.com/docs/schema.html]
[laravel.com/docs/migrations.html]
[laravel.com/docs/redis.html]
[laravel.com/docs/artisan.html]
[laravel.com/docs/commands.html]
[laravel.com/assets/img/logo-foot.png]
[laravel.com/docs/quick.html]
[laravel.com/assets/css/style.css]
[laravel.com/assets/js/jquery.js]
[laravel.com/assets/js/plugins.js]
[laravel.com/assets/js/application.js]
[laravel.com/docs/contributing.html]
[laravel.com/docs/introduction.html]
[laravel.com/docs/installation.html]
[laravel.com/docs/configuration.html]
[laravel.com/docs/lifecycle.html]
[laravel.com/docs/routing.html]
[laravel.com/docs/requests.html]
[laravel.com/docs/responses.html]
[laravel.com/docs/controllers.html]
[laravel.com/docs/errors.html]
[laravel.com/docs/security.html]
[laravel.com/docs/cache.html]
[laravel.com/docs/extending.html]
[laravel.com/docs/events.html]
[laravel.com/docs/facades.html]
[laravel.com/docs/html.html]
[laravel.com/docs/helpers.html]
[laravel.com/docs/ioc.html]
[laravel.com/docs/localization.html]
[laravel.com/docs/mail.html]
[laravel.com/docs/packages.html]
[laravel.com/docs/pagination.html]
[laravel.com/docs/queues.html]
[laravel.com/docs/session.html]
[laravel.com/docs/templates.html]
[laravel.com/docs/testing.html]
[laravel.com/docs/validation.html]
[laravel.com/docs/database.html]
[laravel.com/docs/queries.html]
[laravel.com/docs/eloquent.html]
[laravel.com/docs/schema.html]
[laravel.com/docs/migrations.html]
[laravel.com/docs/redis.html]
[laravel.com/docs/artisan.html]
[laravel.com/docs/commands.html]
[laravel.com/assets/img/sprite.png]
[laravel.com/assets/img/bg-input-focus.png]
[laravel.com/assets/img/bg-input.png]
[laravel.com/assets/css/plugins.css]
[laravel.com/assets/css/workless.css]
[laravel.com/assets/css/typography.css]
[laravel.com/assets/css/forms.css]
[laravel.com/assets/css/tables.css]
[laravel.com/assets/css/buttons.css]
[laravel.com/assets/img/backgrounds/bg_axiom.png]
[laravel.com/assets/img/backgrounds/bg_azsubtle.png]
[laravel.com/assets/img/backgrounds/bg_backpattern.png]
[laravel.com/assets/img/backgrounds/bg_bedgegrunge.png]
[laravel.com/assets/img/backgrounds/bg_birds.png]
[laravel.com/assets/img/backgrounds/bg_blackthread.png]
[laravel.com/assets/img/backgrounds/bg_brightsquares.png]
[laravel.com/assets/img/backgrounds/bg_bullseyes.png]
[laravel.com/assets/img/backgrounds/bg_cartographer.png]
[laravel.com/assets/img/backgrounds/bg_circles.png]
[laravel.com/assets/img/backgrounds/bg_classyfabric.png]
[laravel.com/assets/img/backgrounds/bg_crackle.png]
[laravel.com/assets/img/backgrounds/bg_crisscross.png]
[laravel.com/assets/img/backgrounds/bg_debutdark.png]
[laravel.com/assets/img/backgrounds/bg_debutlight.png]
[laravel.com/assets/img/backgrounds/bg_decalees.png]
[laravel.com/assets/img/backgrounds/bg_diagonalstriped.png]
[laravel.com/assets/img/backgrounds/bg_diagonalwaves.png]
[laravel.com/assets/img/backgrounds/bg_diamond.png]
[laravel.com/assets/img/backgrounds/bg_escheresque.png]
[laravel.com/assets/img/backgrounds/bg_geometric.png]
[laravel.com/assets/img/backgrounds/bg_gplay.png]
[laravel.com/assets/img/backgrounds/bg_grayjean.png]
[laravel.com/assets/img/backgrounds/bg_grey.png]
[laravel.com/assets/img/backgrounds/bg_hexabump.png]
[laravel.com/assets/img/backgrounds/bg_illusion.png]
[laravel.com/assets/img/backgrounds/bg_leather.png]
[laravel.com/assets/img/backgrounds/bg_lens.png]
[laravel.com/assets/img/backgrounds/bg_linedpaper.png]
[laravel.com/assets/img/backgrounds/bg_nistri.png]
[laravel.com/assets/img/backgrounds/bg_none.png]
[laravel.com/assets/img/backgrounds/bg_norwegian.png]
[laravel.com/assets/img/backgrounds/bg_oliva.png]
[laravel.com/assets/img/backgrounds/bg_psychedelic.png]
[laravel.com/assets/img/backgrounds/bg_px.png]
[laravel.com/assets/img/backgrounds/bg_retinawood.png]
[laravel.com/assets/img/backgrounds/bg_ricepaper.png]
[laravel.com/assets/img/backgrounds/bg_robots.png]
[laravel.com/assets/img/backgrounds/bg_shattered.png]
[laravel.com/assets/img/backgrounds/bg_straws.png]
[laravel.com/assets/img/backgrounds/bg_subtledots.png]
[laravel.com/assets/img/backgrounds/bg_swirl.png]
[laravel.com/assets/img/backgrounds/bg_tactile.png]
[laravel.com/assets/img/backgrounds/bg_tasky.png]
[laravel.com/assets/img/backgrounds/bg_tinygrid.png]
[laravel.com/assets/img/backgrounds/bg_tire.png]
[laravel.com/assets/img/backgrounds/bg_type.png]
[laravel.com/assets/img/backgrounds/bg_vichy.png]
[laravel.com/assets/img/backgrounds/bg_wavecut.png]
[laravel.com/assets/img/backgrounds/bg_weave.png]
[laravel.com/assets/img/backgrounds/bg_whitediamond.png]
[laravel.com/assets/img/backgrounds/bg_whitewall.png]
[laravel.com/assets/img/backgrounds/bg_wood.png]
[laravel.com/assets/img/backgrounds/bg_worndots.png]
[laravel.com/assets/img/backgrounds/bg_woven.png]
[laravel.com/assets/img/backgrounds/bg_xv.png]
[laravel.com/assets/css/backgrounds.css]
[laravel.com/assets/css/alerts.css]
[laravel.com/assets/css/pagination.css]
[laravel.com/assets/css/breadcrumbs.css]
[laravel.com/assets/css/font.css]
[laravel.com/assets/css/helpers.css]
[laravel.com/assets/css/scaffolding.css]
[laravel.com/assets/css/print.css]
[laravel.com/assets/css/animation.css]
[laravel.com/assets/img/header.jpg]
[laravel.com/assets/img/quotes.jpg]
[laravel.com/assets/css/application.css]
[laravel.com/docs/contributing.html]
